&&&& RUNNING TensorRT.trtexec [TensorRT v101602] [b10] # trtexec --onnx=/home/vlad/Jetson_Friend/models/vision/face_detection_yunet.onnx --saveEngine=/home/vlad/Jetson_Friend/models/vision/face_detection_yunet.engine --fp16 --memPoolSize=workspace:512 --skipInference
[09/08/2026-21:03:50] [W] Weakly-typed networks have been deprecated in TensorRT. You can use the AutoCast tool (https://nvidia.github.io/TensorRT-Model-Optimizer/guides/8_autocast.html) to convert the network to be strongly typed.
[09/08/2026-21:03:50] [I] === Model Options ===
[09/08/2026-21:03:50] [I] Format: ONNX
[09/08/2026-21:03:50] [I] Model: /home/vlad/Jetson_Friend/models/vision/face_detection_yunet.onnx
[09/08/2026-21:03:50] [I] Output:
[09/08/2026-21:03:50] [I] === Build Options ===
[09/08/2026-21:03:50] [I] Memory Pools: workspace: 512 MiB, dlaSRAM: default, dlaLocalDRAM: default, dlaGlobalDRAM: default, tacticSharedMem: default
[09/08/2026-21:03:50] [I] avgTiming: 8
[09/08/2026-21:03:50] [I] Precision: FP32+FP16
[09/08/2026-21:03:50] [I] LayerPrecisions: 
[09/08/2026-21:03:50] [I] Layer Device Types: 
[09/08/2026-21:03:50] [I] Decomposable Attentions: 
[09/08/2026-21:03:50] [I] Calibration: 
[09/08/2026-21:03:50] [I] Refit: Disabled
[09/08/2026-21:03:50] [I] Strip weights: Disabled
[09/08/2026-21:03:50] [I] Version Compatible: Disabled
[09/08/2026-21:03:50] [I] ONNX Plugin InstanceNorm: Disabled
[09/08/2026-21:03:50] [I] ONNX kENABLE_UINT8_AND_ASYMMETRIC_QUANTIZATION_DLA flag: Disabled
[09/08/2026-21:03:50] [I] ONNX kREPORT_CAPABILITY_DLA flag: Disabled
[09/08/2026-21:03:50] [I] ONNX kADJUST_FOR_DLA flag: Disabled
[09/08/2026-21:03:50] [I] ONNX kENABLE_PLUGIN_OVERRIDE flag: Disabled
[09/08/2026-21:03:50] [I] TensorRT runtime: full
[09/08/2026-21:03:50] [I] Lean DLL Path: 
[09/08/2026-21:03:50] [I] Tempfile Controls: { in_memory: allow, temporary: allow }
[09/08/2026-21:03:50] [I] Exclude Lean Runtime: Disabled
[09/08/2026-21:03:50] [I] Sparsity: Disabled
[09/08/2026-21:03:50] [I] Safe mode: Disabled
[09/08/2026-21:03:50] [I] Build DLA standalone loadable: Disabled
[09/08/2026-21:03:50] [I] Allow GPU fallback for DLA: Disabled
[09/08/2026-21:03:50] [I] DirectIO mode: Disabled
[09/08/2026-21:03:50] [I] Restricted mode: Disabled
[09/08/2026-21:03:50] [I] Skip inference: Enabled
[09/08/2026-21:03:50] [I] Save engine: /home/vlad/Jetson_Friend/models/vision/face_detection_yunet.engine
[09/08/2026-21:03:50] [I] Load engine: 
[09/08/2026-21:03:50] [I] Profiling verbosity: 0
[09/08/2026-21:03:50] [I] Tactic sources: Using default tactic sources
[09/08/2026-21:03:50] [I] timingCacheMode: local
[09/08/2026-21:03:50] [I] timingCacheFile: 
[09/08/2026-21:03:50] [I] Enable Compilation Cache: Enabled
[09/08/2026-21:03:50] [I] Enable Monitor Memory: Disabled
[09/08/2026-21:03:50] [I] CPU Only Mode: Disabled
[09/08/2026-21:03:50] [I] errorOnTimingCacheMiss: Disabled
[09/08/2026-21:03:50] [I] Preview Features: Use default preview flags.
[09/08/2026-21:03:50] [I] MaxAuxStreams: -1
[09/08/2026-21:03:50] [I] BuilderOptimizationLevel: -1
[09/08/2026-21:03:50] [I] MaxTactics: -1
[09/08/2026-21:03:50] [I] Calibration Profile Index: 0
[09/08/2026-21:03:50] [I] Weight Streaming: Disabled
[09/08/2026-21:03:50] [I] Runtime Platform: Same As Build
[09/08/2026-21:03:50] [I] Debug Tensors: 
[09/08/2026-21:03:50] [I] Distributive Independence: Disabled
[09/08/2026-21:03:50] [I] Mark Unfused Tensors As Debug Tensors: Disabled
[09/08/2026-21:03:50] [I] Input(s)s format: fp32:CHW
[09/08/2026-21:03:50] [I] Output(s)s format: fp32:CHW
[09/08/2026-21:03:50] [I] Input build shapes: model
[09/08/2026-21:03:50] [I] Input calibration shapes: model
[09/08/2026-21:03:50] [I] === System Options ===
[09/08/2026-21:03:50] [I] Device: 0
[09/08/2026-21:03:50] [I] DLACore: 
[09/08/2026-21:03:50] [I] Loaded static plugins:
[09/08/2026-21:03:50] [I] setPluginsToSerialize:
[09/08/2026-21:03:50] [I] dynamicPlugins:
[09/08/2026-21:03:50] [I] ignoreParsedPluginLibs: 0
[09/08/2026-21:03:50] [I] 
[09/08/2026-21:03:50] [I] === Inference Options ===
[09/08/2026-21:03:50] [I] Batch: Explicit
[09/08/2026-21:03:50] [I] Input inference shapes: model
[09/08/2026-21:03:50] [I] Iterations: 10
[09/08/2026-21:03:50] [I] Duration: 3s (+ 200ms warm up)
[09/08/2026-21:03:50] [I] Sleep time: 0ms
[09/08/2026-21:03:50] [I] Idle time: 0ms
[09/08/2026-21:03:50] [I] Inference Streams: 1
[09/08/2026-21:03:50] [I] ExposeDMA: Disabled
[09/08/2026-21:03:50] [I] Data transfers: Enabled
[09/08/2026-21:03:50] [I] Spin-wait: Disabled
[09/08/2026-21:03:50] [I] Multithreading: Disabled
[09/08/2026-21:03:50] [I] CUDA Graph: Disabled
[09/08/2026-21:03:50] [I] Separate profiling: Disabled
[09/08/2026-21:03:50] [I] Time Deserialize: Disabled
[09/08/2026-21:03:50] [I] Time Refit: Disabled
[09/08/2026-21:03:50] [I] NVTX verbosity: 0
[09/08/2026-21:03:50] [I] Persistent Cache Ratio: 0
[09/08/2026-21:03:50] [I] Optimization Profile Index: 0
[09/08/2026-21:03:50] [I] Weight Streaming Budget: 100.000000%
[09/08/2026-21:03:50] [I] Inputs:
[09/08/2026-21:03:50] [I] Debug Tensor Save Destinations:
[09/08/2026-21:03:50] [I] Dump All Debug Tensor in Formats: 
[09/08/2026-21:03:50] [I] === Reporting Options ===
[09/08/2026-21:03:50] [I] Verbose: Disabled
[09/08/2026-21:03:50] [I] Averages: 10 inferences
[09/08/2026-21:03:50] [I] Percentiles: 90,95,99
[09/08/2026-21:03:50] [I] Dump refittable layers:Disabled
[09/08/2026-21:03:50] [I] Dump output: Disabled
[09/08/2026-21:03:50] [I] Profile: Disabled
[09/08/2026-21:03:50] [I] Export timing to JSON file: 
[09/08/2026-21:03:50] [I] Export output to JSON file: 
[09/08/2026-21:03:50] [I] Export profile to JSON file: 
[09/08/2026-21:03:50] [I] 
[09/08/2026-21:03:50] [I] === Device Information ===
[09/08/2026-21:03:50] [I] Available Devices: 
[09/08/2026-21:03:50] [I]   Device 0: "Orin" UUID: GPU-321d7d6b-1734-5328-9986-a8d7becc9450
[09/08/2026-21:03:50] [I] Selected Device: Orin
[09/08/2026-21:03:50] [I] Selected Device ID: 0
[09/08/2026-21:03:50] [I] Selected Device UUID: GPU-321d7d6b-1734-5328-9986-a8d7becc9450
[09/08/2026-21:03:50] [I] Compute Capability: 8.7
[09/08/2026-21:03:50] [I] SMs: 8
[09/08/2026-21:03:50] [I] Device Global Memory: 7485 MiB
[09/08/2026-21:03:50] [I] Shared Memory per SM: 164 KiB
[09/08/2026-21:03:50] [I] Memory Bus Width: 128 bits (ECC disabled)
[09/08/2026-21:03:50] [I] Application Compute Clock Rate: 1.02 GHz
[09/08/2026-21:03:50] [I] Application Memory Clock Rate: 1.02 GHz
[09/08/2026-21:03:50] [I] 
[09/08/2026-21:03:50] [I] Note: The application clock rates do not reflect the actual clock rates that the GPU is currently running at.
[09/08/2026-21:03:50] [I] 
[09/08/2026-21:03:50] [I] TensorRT version: 10.16.2
[09/08/2026-21:03:50] [I] Loading standard plugins
[09/08/2026-21:03:50] [I] [TRT] [MemUsageChange] Init CUDA: CPU +1, GPU +0, now: CPU 24, GPU 3112 (MiB)
[09/08/2026-21:03:50] [I] Start parsing network model.
[09/08/2026-21:03:50] [I] [TRT] ----------------------------------------------------------------
[09/08/2026-21:03:50] [I] [TRT] Input filename:   /home/vlad/Jetson_Friend/models/vision/face_detection_yunet.onnx
[09/08/2026-21:03:50] [I] [TRT] ONNX IR version:  0.0.6
[09/08/2026-21:03:50] [I] [TRT] Opset version:    11
[09/08/2026-21:03:50] [I] [TRT] Producer name:    pytorch
[09/08/2026-21:03:50] [I] [TRT] Producer version: 1.7
[09/08/2026-21:03:50] [I] [TRT] Domain:           
[09/08/2026-21:03:50] [I] [TRT] Model version:    0
[09/08/2026-21:03:50] [I] [TRT] Doc string:       
[09/08/2026-21:03:50] [I] [TRT] ----------------------------------------------------------------
[09/08/2026-21:03:50] [W] [TRT] WeightsContext.cpp:468: Empty initializer 240 was provided with non-empty data. Overriding data to nullptr
[09/08/2026-21:03:50] [I] Finished parsing network model. Parse time: 0.00733703
[09/08/2026-21:03:51] [I] [TRT] [MemUsageChange] Init builder kernel library: CPU +198, GPU +192, now: CPU 488, GPU 3572 (MiB)
[09/08/2026-21:03:51] [I] [TRT] Local timing cache in use. Profiling results in this builder pass will not be stored.
[09/08/2026-21:05:26] [I] [TRT] Detected 1 inputs and 12 output network tensors.
[09/08/2026-21:05:29] [I] [TRT] Total Host Persistent Memory: 243296 bytes
[09/08/2026-21:05:29] [I] [TRT] Total Device Persistent Memory: 4096 bytes
[09/08/2026-21:05:29] [I] [TRT] Max Scratch Memory: 1536 bytes
[09/08/2026-21:05:29] [I] [TRT] [BlockAssignment] Started assigning block shifts. This will take 76 steps to complete.
[09/08/2026-21:05:29] [I] [TRT] [BlockAssignment] Algorithm ShiftNTopDown took 4.8725ms to assign 13 blocks to 76 nodes requiring 7729664 bytes.
[09/08/2026-21:05:29] [I] [TRT] Total Activation Memory: 7729664 bytes
[09/08/2026-21:05:29] [I] [TRT] Total Weights Memory: 141672 bytes
[09/08/2026-21:05:29] [I] [TRT] Engine generation completed in 97.7727 seconds.
[09/08/2026-21:05:29] [I] [TRT] [MemUsageStats] Peak memory usage of TRT CPU/GPU memory allocators: CPU 0 MiB, GPU 18 MiB
[09/08/2026-21:05:29] [I] Created engine with size: 0.516956 MiB
[09/08/2026-21:05:29] [I] Engine built in 98.4405 sec.
[09/08/2026-21:05:29] [I] [TRT] Loaded engine size: 0 MiB
[09/08/2026-21:05:29] [I] Engine deserialized in 0.0139628 sec.
[09/08/2026-21:05:29] [I] Skipped inference phase since --skipInference is added.
&&&& PASSED TensorRT.trtexec [TensorRT v101602] [b10] # trtexec --onnx=/home/vlad/Jetson_Friend/models/vision/face_detection_yunet.onnx --saveEngine=/home/vlad/Jetson_Friend/models/vision/face_detection_yunet.engine --fp16 --memPoolSize=workspace:512 --skipInference
