[INFO] [launch]: All log files can be found below /home/vlad/.ros/log/2026-09-17-03-11-26-802702-vlad-60516
[INFO] [launch]: Default logging verbosity is set to INFO
[INFO] [component_container-1]: process started with pid [60562]
[component_container-1] [INFO] [1789603887.569354473] [camera.camera_container]: Load Library: /home/vlad/Jetson_Friend/orbbec_ws/install/orbbec_camera/lib/liborbbec_camera.so
[component_container-1] [INFO] [1789603887.779896295] [camera.camera_container]: Found class: rclcpp_components::NodeFactoryTemplate<orbbec_camera::OBCameraNodeDriver>
[component_container-1] [INFO] [1789603887.780013771] [camera.camera_container]: Instantiate class: rclcpp_components::NodeFactoryTemplate<orbbec_camera::OBCameraNodeDriver>
[component_container-1] [09/17 03:11:27.800842][info][60562][Context.cpp:68] Context created with config: /home/vlad/Jetson_Friend/orbbec_ws/install/orbbec_camera/share/orbbec_camera/config/OrbbecSDKConfig_v1.0.xml
[component_container-1] [09/17 03:11:27.800845][info][60562][Context.cpp:73] Work directory=/home/vlad/MILO_CLEAN_RC13, SDK version=v1.10.37-20260707-3f75820
[component_container-1] [09/17 03:11:27.800850][info][60562][LinuxPal.cpp:60] createObPal: create LinuxPal!
[component_container-1] [09/17 03:11:27.883991][warning][60562][OpenNIDeviceInfo.cpp:192] New openni device matched.
[component_container-1] [09/17 03:11:27.884173][info][60562][LinuxPal.cpp:209] Create PollingDeviceWatcher!
[component_container-1] [09/17 03:11:27.884227][info][60562][DeviceManager.cpp:15] Current found device(s): (1)
[component_container-1] [09/17 03:11:27.884231][info][60562][DeviceManager.cpp:24] 	- Name: DaBai DCW2, PID: 0x06a0, SN/ID: CH82C5200KB, Connection: USB2.0
[component_container-1] [INFO] [1789603887.888350607] [camera.camera]: Use default UVC backend from SDK config
[INFO] [launch_ros.actions.load_composable_nodes]: Loaded node '/camera/camera' in container '/camera/camera_container'
[component_container-1] [INFO] [1789603887.988779022] [camera.camera]: Connecting to the default device
[component_container-1] [INFO] [1789603888.391368484] [camera.camera]: Select device cost 402 ms
[component_container-1] [INFO] [1789603888.391552330] [camera.camera]: Try to connect device via USB2.0
[component_container-1] [INFO] [1789603888.391787026] [camera.camera]: OBCameraNode: use_intra_process: OFF
[component_container-1] [INFO] [1789603888.398451823] [camera.camera]: current time domain: system
[component_container-1] [INFO] [1789603888.417629834] [camera.camera]: Setting LDP to ON
[component_container-1] [INFO] [1789603888.420862805] [camera.camera]: Setting color auto exposure priority to false
[component_container-1] [INFO] [1789603888.422832246] [camera.camera]: color auto exposure priority is set to 0
[component_container-1] [INFO] [1789603888.422894712] [camera.camera]: Setting color auto exposure to ON
[component_container-1] [INFO] [1789603888.424587984] [camera.camera]: Setting IR auto exposure to ON
[component_container-1] [INFO] [1789603888.426124707] [camera.camera]: default_soft_filter_max_diff: 6
[component_container-1] [INFO] [1789603888.426209958] [camera.camera]: default_soft_filter_speckle_size: 50
[component_container-1] [INFO] [1789603888.426437102] [camera.camera]: Setting ThresholdFilter......
[component_container-1] [INFO] [1789603888.426496783] [camera.camera]: set ThresholdFilter to false
[component_container-1] [INFO] [1789603888.426572338] [camera.camera]: Skip setting filter: ThresholdFilter
[component_container-1] [INFO] [1789603888.428232297] [camera.camera]:  stream color is enabled - width: 640, height: 480, fps: 10, Format: OB_FORMAT_MJPG
[component_container-1] [INFO] [1789603888.429081189] [camera.camera]:  stream depth is enabled - width: 640, height: 400, fps: 10, Format: OB_FORMAT_Y11
[component_container-1] [INFO] [1789603888.429737371] [camera.camera]:  stream ir is enabled - width: 640, height: 400, fps: 10, Format: OB_FORMAT_Y10
[component_container-1] [INFO] [1789603888.528636935] [camera.camera]: Enable color stream
[component_container-1] [INFO] [1789603888.528746922] [camera.camera]: Stream color width: 640 height: 480 fps: 10 format: MJPG
[component_container-1] [INFO] [1789603888.528778827] [camera.camera]: Enable depth stream
[component_container-1] [INFO] [1789603888.528801164] [camera.camera]: Stream depth width: 640 height: 400 fps: 10 format: Y11
[component_container-1] [INFO] [1789603888.528848109] [camera.camera]: Enable ir stream
[component_container-1] [INFO] [1789603888.528866350] [camera.camera]: Stream ir width: 640 height: 400 fps: 10 format: Y10
[component_container-1] [INFO] [1789603889.194582319] [camera.camera]: Disable frame sync
[component_container-1] [INFO] [1789603889.194789398] [camera.camera]: Setting LDP to ON
[component_container-1] [INFO] [1789603889.197919230] [camera.camera]: Device DaBai DCW2 connected
[component_container-1] [INFO] [1789603889.197982912] [camera.camera]: Serial number: CH82C5200KB
[component_container-1] [INFO] [1789603889.198048258] [camera.camera]: Firmware version: RD1014
[component_container-1] [INFO] [1789603889.198101060] [camera.camera]: Hardware version: 
[component_container-1] [INFO] [1789603889.198182919] [camera.camera]: Wrapper version: 1.5.22
[component_container-1] [INFO] [1789603889.198253353] [camera.camera]: SDK version: 1.10.37
[component_container-1] [INFO] [1789603889.198292618] [camera.camera]: device unique id: 1-2.1.1-7
[component_container-1] [INFO] [1789603889.198334220] [camera.camera]: Current node pid: 60562
[component_container-1] [INFO] [1789603889.198423823] [camera.camera]: usb connect type: USB2.0
[component_container-1] [INFO] [1789603889.198463920] [camera.camera]: Start device cost 1309 ms
[component_container-1] [INFO] [1789603889.198496337] [camera.camera]: Initialize device cost 806 ms
[component_container-1] [INFO] [1789603889.518046889] [camera.camera]: Publishing static transform from ir to depth
[component_container-1] [INFO] [1789603889.518149644] [camera.camera]: Translation 0, 0, 0
[component_container-1] [INFO] [1789603889.518170445] [camera.camera]: Rotation 0, 0, 0, 1
[component_container-1] [INFO] [1789603889.518259984] [camera.camera]: Publishing static transform from color to depth
[component_container-1] [INFO] [1789603889.518299345] [camera.camera]: Translation 12.2333, 0.105378, 1.48224
[component_container-1] [INFO] [1789603889.518384308] [camera.camera]: Rotation 0.00468628, 0.000810512, 0.00100171, 0.999988
[component_container-1] [INFO] [1789603889.518436534] [camera.camera]: Publishing static transform from depth to depth
[component_container-1] [INFO] [1789603889.518542905] [camera.camera]: Translation 0, 0, 0
[component_container-1] [INFO] [1789603889.518565434] [camera.camera]: Rotation 0, 0, 0, 1
[component_container-1] Received SIGINT (Ctrl+C), shutting down ROS2...
[component_container-1] [WARN] [1789604021.539185898] [camera.camera]: Do destroy ~OBCameraNode
[component_container-1] [WARN] [1789604021.539233323] [camera.camera]: Stop tf thread
[component_container-1] [WARN] [1789604021.539242412] [camera.camera]: Stop color frame thread
[component_container-1] [INFO] [1789604021.539288429] [camera.camera]: Color frame thread exit!
[component_container-1] [WARN] [1789604021.539421362] [camera.camera]: stop streams
