[INFO] [launch]: All log files can be found below /home/vlad/.ros/log/2026-09-17-02-21-56-646600-vlad-47272
[INFO] [launch]: Default logging verbosity is set to INFO
[INFO] [component_container-1]: process started with pid [47314]
[component_container-1] [INFO] [1789600917.351316794] [camera.camera_container]: Load Library: /home/vlad/Jetson_Friend/orbbec_ws/install/orbbec_camera/lib/liborbbec_camera.so
[component_container-1] [INFO] [1789600917.543388133] [camera.camera_container]: Found class: rclcpp_components::NodeFactoryTemplate<orbbec_camera::OBCameraNodeDriver>
[component_container-1] [INFO] [1789600917.544198143] [camera.camera_container]: Instantiate class: rclcpp_components::NodeFactoryTemplate<orbbec_camera::OBCameraNodeDriver>
[component_container-1] [09/17 02:21:57.563672][info][47314][Context.cpp:68] Context created with config: /home/vlad/Jetson_Friend/orbbec_ws/install/orbbec_camera/share/orbbec_camera/config/OrbbecSDKConfig_v1.0.xml
[component_container-1] [09/17 02:21:57.563675][info][47314][Context.cpp:73] Work directory=/home/vlad, SDK version=v1.10.37-20260707-3f75820
[component_container-1] [09/17 02:21:57.563680][info][47314][LinuxPal.cpp:60] createObPal: create LinuxPal!
[component_container-1] [09/17 02:21:57.647979][warning][47314][OpenNIDeviceInfo.cpp:192] New openni device matched.
[component_container-1] [09/17 02:21:57.648161][info][47314][LinuxPal.cpp:209] Create PollingDeviceWatcher!
[component_container-1] [09/17 02:21:57.648215][info][47314][DeviceManager.cpp:15] Current found device(s): (1)
[component_container-1] [09/17 02:21:57.648219][info][47314][DeviceManager.cpp:24] 	- Name: DaBai DCW2, PID: 0x06a0, SN/ID: CH82C5200KB, Connection: USB2.0
[component_container-1] [INFO] [1789600917.651556673] [camera.camera]: Use default UVC backend from SDK config
[INFO] [launch_ros.actions.load_composable_nodes]: Loaded node '/camera/camera' in container '/camera/camera_container'
[component_container-1] [INFO] [1789600917.752025509] [camera.camera]: Connecting to the default device
[component_container-1] [INFO] [1789600918.135289535] [camera.camera]: Select device cost 383 ms
[component_container-1] [INFO] [1789600918.135457540] [camera.camera]: Try to connect device via USB2.0
[component_container-1] [INFO] [1789600918.135855377] [camera.camera]: OBCameraNode: use_intra_process: OFF
[component_container-1] [INFO] [1789600918.148267169] [camera.camera]: current time domain: system
[component_container-1] [INFO] [1789600918.167968316] [camera.camera]: Setting LDP to ON
[component_container-1] [INFO] [1789600918.190665623] [camera.camera]: Setting color auto exposure priority to false
[component_container-1] [INFO] [1789600918.192583349] [camera.camera]: color auto exposure priority is set to 0
[component_container-1] [INFO] [1789600918.192652951] [camera.camera]: Setting color auto exposure to ON
[component_container-1] [INFO] [1789600918.194600502] [camera.camera]: Setting IR auto exposure to ON
[component_container-1] [INFO] [1789600918.196367375] [camera.camera]: default_soft_filter_max_diff: 6
[component_container-1] [INFO] [1789600918.196459954] [camera.camera]: default_soft_filter_speckle_size: 50
[component_container-1] [INFO] [1789600918.196668632] [camera.camera]: Setting ThresholdFilter......
[component_container-1] [INFO] [1789600918.196718938] [camera.camera]: set ThresholdFilter to false
[component_container-1] [INFO] [1789600918.196790012] [camera.camera]: Skip setting filter: ThresholdFilter
[component_container-1] [INFO] [1789600918.198490067] [camera.camera]:  stream color is enabled - width: 640, height: 480, fps: 10, Format: OB_FORMAT_MJPG
[component_container-1] [INFO] [1789600918.199310317] [camera.camera]:  stream depth is enabled - width: 640, height: 400, fps: 10, Format: OB_FORMAT_Y11
[component_container-1] [INFO] [1789600918.200018212] [camera.camera]:  stream ir is enabled - width: 640, height: 400, fps: 10, Format: OB_FORMAT_Y10
[component_container-1] [INFO] [1789600918.311623215] [camera.camera]: Enable color stream
[component_container-1] [INFO] [1789600918.311723442] [camera.camera]: Stream color width: 640 height: 480 fps: 10 format: MJPG
[component_container-1] [INFO] [1789600918.311766932] [camera.camera]: Enable depth stream
[component_container-1] [INFO] [1789600918.311805397] [camera.camera]: Stream depth width: 640 height: 400 fps: 10 format: Y11
[component_container-1] [INFO] [1789600918.311836246] [camera.camera]: Enable ir stream
[component_container-1] [INFO] [1789600918.311866231] [camera.camera]: Stream ir width: 640 height: 400 fps: 10 format: Y10
[component_container-1] [INFO] [1789600918.975530201] [camera.camera]: Disable frame sync
[component_container-1] [INFO] [1789600918.975718399] [camera.camera]: Setting LDP to ON
[component_container-1] [INFO] [1789600918.978800771] [camera.camera]: Device DaBai DCW2 connected
[component_container-1] [INFO] [1789600918.978921127] [camera.camera]: Serial number: CH82C5200KB
[component_container-1] [INFO] [1789600918.978993193] [camera.camera]: Firmware version: RD1014
[component_container-1] [INFO] [1789600918.979044267] [camera.camera]: Hardware version: 
[component_container-1] [INFO] [1789600918.979081580] [camera.camera]: Wrapper version: 1.5.22
[component_container-1] [INFO] [1789600918.979148942] [camera.camera]: SDK version: 1.10.37
[component_container-1] [INFO] [1789600918.979187567] [camera.camera]: device unique id: 1-2.1.1-7
[component_container-1] [INFO] [1789600918.979247921] [camera.camera]: Current node pid: 47314
[component_container-1] [INFO] [1789600918.979285906] [camera.camera]: usb connect type: USB2.0
[component_container-1] [INFO] [1789600918.979320435] [camera.camera]: Start device cost 1327 ms
[component_container-1] [INFO] [1789600918.979355061] [camera.camera]: Initialize device cost 843 ms
[component_container-1] [INFO] [1789600919.293972940] [camera.camera]: Publishing static transform from ir to depth
[component_container-1] [INFO] [1789600919.294077487] [camera.camera]: Translation 0, 0, 0
[component_container-1] [INFO] [1789600919.294100464] [camera.camera]: Rotation 0, 0, 0, 1
[component_container-1] [INFO] [1789600919.294130161] [camera.camera]: Publishing static transform from color to depth
[component_container-1] [INFO] [1789600919.294155889] [camera.camera]: Translation 12.2333, 0.105378, 1.48224
[component_container-1] [INFO] [1789600919.294175186] [camera.camera]: Rotation 0.00468628, 0.000810512, 0.00100171, 0.999988
[component_container-1] [INFO] [1789600919.294196243] [camera.camera]: Publishing static transform from depth to depth
[component_container-1] [INFO] [1789600919.294510589] [camera.camera]: Translation 0, 0, 0
[component_container-1] [INFO] [1789600919.294553246] [camera.camera]: Rotation 0, 0, 0, 1
[component_container-1] Received SIGINT (Ctrl+C), shutting down ROS2...
[component_container-1] [WARN] [1789600920.742596117] [camera.camera]: Do destroy ~OBCameraNode
[component_container-1] [WARN] [1789600920.742642647] [camera.camera]: Stop tf thread
[component_container-1] [WARN] [1789600920.742651927] [camera.camera]: Stop color frame thread
[component_container-1] [INFO] [1789600920.744010979] [camera.camera]: Color frame thread exit!
[component_container-1] [WARN] [1789600920.744113830] [camera.camera]: stop streams
